// Jest Snapshot v1, https://goo.gl/fbAQLP

exports[`<StakeBalances/> should render balances and rebase info 1`] = `
<div>
  <div
    class="DataRow-root data-row css-19fvmib"
  >
    <div
      class="MuiBox-root css-1xhj18k"
    >
      <p
        class="MuiTypography-root MuiTypography-body1 css-4xvy19-MuiTypography-root"
      >
        Unstaked Balance
      </p>
    </div>
    <p
      class="MuiTypography-root MuiTypography-body1 css-4xvy19-MuiTypography-root"
      id="user-balance"
      style="text-align: right;"
    >
      15.0000 OHM
    </p>
  </div>
  <div
    class="MuiPaper-root MuiPaper-elevation MuiPaper-elevation0 MuiAccordion-root Mui-expanded MuiAccordion-gutters stake-accordion css-dppvay-MuiPaper-root-MuiAccordion-root"
  >
    <div
      aria-expanded="true"
      class="MuiButtonBase-root MuiAccordionSummary-root Mui-expanded MuiAccordionSummary-gutters css-sh22l5-MuiButtonBase-root-MuiAccordionSummary-root"
      role="button"
      tabindex="0"
    >
      <div
        class="MuiAccordionSummary-content Mui-expanded MuiAccordionSummary-contentGutters css-o4b71y-MuiAccordionSummary-content"
      >
        <div
          class="DataRow-root data-row css-19fvmib"
        >
          <div
            class="MuiBox-root css-1xhj18k"
          >
            <p
              class="MuiTypography-root MuiTypography-body1 css-4xvy19-MuiTypography-root"
            >
              Total Staked Balance
            </p>
          </div>
          <p
            class="MuiTypography-root MuiTypography-body1 css-4xvy19-MuiTypography-root"
            id="user-staked-balance"
            style="text-align: right;"
          >
            134,228.0000 sOHM
          </p>
        </div>
      </div>
      <div
        class="MuiAccordionSummary-expandIconWrapper Mui-expanded css-yw020d-MuiAccordionSummary-expandIconWrapper"
      >
        <svg
          aria-hidden="true"
          class="MuiSvgIcon-root MuiSvgIcon-fontSizeSmall stake-expand css-y3v3gx-MuiSvgIcon-root"
          data-testid="ExpandMoreIcon"
          focusable="false"
          viewBox="0 0 20 20"
        >
          <path
            d="M16.59 8.59 12 13.17 7.41 8.59 6 10l6 6 6-6z"
          />
        </svg>
      </div>
    </div>
    <div
      class="MuiCollapse-root MuiCollapse-vertical MuiCollapse-entered css-pwcg7p-MuiCollapse-root"
      style="min-height: 0px;"
    >
      <div
        class="MuiCollapse-wrapper MuiCollapse-vertical css-smkl36-MuiCollapse-wrapper"
      >
        <div
          class="MuiCollapse-wrapperInner MuiCollapse-vertical css-9l5vo-MuiCollapse-wrapperInner"
        >
          <div
            class="MuiAccordion-region"
            role="region"
          >
            <div
              class="MuiAccordionDetails-root css-15v22id-MuiAccordionDetails-root"
            >
              <div
                class="DataRow-root data-row css-19fvmib"
                style="padding-left: 10px;"
              >
                <div
                  class="MuiBox-root css-1xhj18k"
                >
                  <p
                    class="MuiTypography-root MuiTypography-body2 css-1psss7x-MuiTypography-root"
                  >
                    sOHM
                  </p>
                </div>
                <p
                  class="MuiTypography-root MuiTypography-body2 css-1psss7x-MuiTypography-root"
                  id="sohm-balance"
                  style="text-align: right;"
                >
                  12.0000 sOHM
                </p>
              </div>
              <div
                class="DataRow-root data-row css-19fvmib"
                style="padding-left: 10px;"
              >
                <div
                  class="MuiBox-root css-1xhj18k"
                >
                  <p
                    class="MuiTypography-root MuiTypography-body2 css-1psss7x-MuiTypography-root"
                  >
                    gOHM
                  </p>
                </div>
                <p
                  class="MuiTypography-root MuiTypography-body2 css-1psss7x-MuiTypography-root"
                  style="text-align: right;"
                >
                  131.0000 gOHM
                </p>
              </div>
              <div
                class="DataRow-root data-row css-19fvmib"
                style="padding-left: 10px;"
              >
                <div
                  class="MuiBox-root css-1xhj18k"
                >
                  <p
                    class="MuiTypography-root MuiTypography-body2 css-1psss7x-MuiTypography-root"
                  >
                    gOHM (Arbitrum)
                  </p>
                </div>
                <p
                  class="MuiTypography-root MuiTypography-body2 css-1psss7x-MuiTypography-root"
                  style="text-align: right;"
                >
                  132.0000 gOHM
                </p>
              </div>
              <div
                class="DataRow-root data-row css-19fvmib"
                style="padding-left: 10px;"
              >
                <div
                  class="MuiBox-root css-1xhj18k"
                >
                  <p
                    class="MuiTypography-root MuiTypography-body2 css-1psss7x-MuiTypography-root"
                  >
                    gOHM (Avalanche)
                  </p>
                </div>
                <p
                  class="MuiTypography-root MuiTypography-body2 css-1psss7x-MuiTypography-root"
                  style="text-align: right;"
                >
                  133.0000 gOHM
                </p>
              </div>
              <div
                class="DataRow-root data-row css-19fvmib"
                style="padding-left: 10px;"
              >
                <div
                  class="MuiBox-root css-1xhj18k"
                >
                  <p
                    class="MuiTypography-root MuiTypography-body2 css-1psss7x-MuiTypography-root"
                  >
                    gOHM (Polygon)
                  </p>
                </div>
                <p
                  class="MuiTypography-root MuiTypography-body2 css-1psss7x-MuiTypography-root"
                  style="text-align: right;"
                >
                  134.0000 gOHM
                </p>
              </div>
              <div
                class="DataRow-root data-row css-19fvmib"
                style="padding-left: 10px;"
              >
                <div
                  class="MuiBox-root css-1xhj18k"
                >
                  <p
                    class="MuiTypography-root MuiTypography-body2 css-1psss7x-MuiTypography-root"
                  >
                    gOHM (Fantom)
                  </p>
                </div>
                <p
                  class="MuiTypography-root MuiTypography-body2 css-1psss7x-MuiTypography-root"
                  style="text-align: right;"
                >
                  135.0000 gOHM
                </p>
              </div>
              <div
                class="DataRow-root data-row css-19fvmib"
                style="padding-left: 10px;"
              >
                <div
                  class="MuiBox-root css-1xhj18k"
                >
                  <p
                    class="MuiTypography-root MuiTypography-body2 css-1psss7x-MuiTypography-root"
                  >
                    gOHM (Optimism)
                  </p>
                </div>
                <p
                  class="MuiTypography-root MuiTypography-body2 css-1psss7x-MuiTypography-root"
                  style="text-align: right;"
                >
                  136.0000 gOHM
                </p>
              </div>
              <div
                class="DataRow-root data-row css-19fvmib"
                style="padding-left: 10px;"
              >
                <div
                  class="MuiBox-root css-1xhj18k"
                >
                  <p
                    class="MuiTypography-root MuiTypography-body2 css-1psss7x-MuiTypography-root"
                  >
                    gOHM (Tokemak)
                  </p>
                </div>
                <p
                  class="MuiTypography-root MuiTypography-body2 css-1psss7x-MuiTypography-root"
                  style="text-align: right;"
                >
                  14.0000 gOHM
                </p>
              </div>
              <div
                class="DataRow-root data-row css-19fvmib"
                style="padding-left: 10px;"
              >
                <div
                  class="MuiBox-root css-1xhj18k"
                >
                  <p
                    class="MuiTypography-root MuiTypography-body2 css-1psss7x-MuiTypography-root"
                  >
                    gOHM (Fuse)
                  </p>
                </div>
                <p
                  class="MuiTypography-root MuiTypography-body2 css-1psss7x-MuiTypography-root"
                  style="text-align: right;"
                >
                  11.0000 gOHM
                </p>
              </div>
              <div
                class="DataRow-root data-row css-19fvmib"
                style="padding-left: 10px;"
              >
                <div
                  class="MuiBox-root css-1xhj18k"
                >
                  <p
                    class="MuiTypography-root MuiTypography-body2 css-1psss7x-MuiTypography-root"
                  >
                    sOHM (v1)
                  </p>
                </div>
                <p
                  class="MuiTypography-root MuiTypography-body2 css-1psss7x-MuiTypography-root"
                  style="text-align: right;"
                >
                  16.0000 sOHM
                </p>
              </div>
              <div
                class="DataRow-root data-row css-19fvmib"
                style="padding-left: 10px;"
              >
                <div
                  class="MuiBox-root css-1xhj18k"
                >
                  <p
                    class="MuiTypography-root MuiTypography-body2 css-1psss7x-MuiTypography-root"
                  >
                    wsOHM
                  </p>
                </div>
                <p
                  class="MuiTypography-root MuiTypography-body2 css-1psss7x-MuiTypography-root"
                  style="text-align: right;"
                >
                  171.0000 wsOHM
                </p>
              </div>
              <div
                class="DataRow-root data-row css-19fvmib"
                style="padding-left: 10px;"
              >
                <div
                  class="MuiBox-root css-1xhj18k"
                >
                  <p
                    class="MuiTypography-root MuiTypography-body2 css-1psss7x-MuiTypography-root"
                  >
                    wsOHM (Arbitrum)
                  </p>
                </div>
                <p
                  class="MuiTypography-root MuiTypography-body2 css-1psss7x-MuiTypography-root"
                  style="text-align: right;"
                >
                  172.0000 wsOHM
                </p>
              </div>
              <div
                class="DataRow-root data-row css-19fvmib"
                style="padding-left: 10px;"
              >
                <div
                  class="MuiBox-root css-1xhj18k"
                >
                  <p
                    class="MuiTypography-root MuiTypography-body2 css-1psss7x-MuiTypography-root"
                  >
                    wsOHM (Avalanche)
                  </p>
                </div>
                <p
                  class="MuiTypography-root MuiTypography-body2 css-1psss7x-MuiTypography-root"
                  style="text-align: right;"
                >
                  173.0000 wsOHM
                </p>
              </div>
            </div>
          </div>
        </div>
      </div>
    </div>
  </div>
</div>
`;
