// Jest Snapshot v1, https://goo.gl/fbAQLP

exports[`<AdvancedSettings/> should render component 1`] = `
<div
  aria-hidden="true"
/>
`;
