// Jest Snapshot v1, https://goo.gl/fbAQLP

exports[`<ConnectButton/> should render component 1`] = `
<div>
  <button
    class="MuiButtonBase-root MuiButton-root MuiButton-contained makeStyles-root-1 makeStyles-root-2 undefined MuiButton-containedPrimary MuiButton-containedSizeLarge MuiButton-sizeLarge MuiButton-disableElevation"
    style="font-size: 1.2857rem;"
    tabindex="0"
    type="button"
  >
    <span
      class="MuiButton-label"
    >
      Connect Wallet
    </span>
  </button>
</div>
`;
