// Jest Snapshot v1, https://goo.gl/fbAQLP

exports[`<MigrationModal/> should render component 1`] = `
<div>
  <div />
</div>
`;
