// Jest Snapshot v1, https://goo.gl/fbAQLP

exports[`<ThemeSwitch/> should render component 1`] = `
<div>
  <button
    class="MuiButtonBase-root MuiToggleButton-root toggle-button"
    tabindex="0"
    title="Change Theme"
    type="button"
    value="check"
  >
    <span
      class="MuiToggleButton-label"
    >
      <svg
        aria-hidden="true"
        class="MuiSvgIcon-root MuiSvgIcon-colorPrimary MuiSvgIcon-fontSizeSmall"
        focusable="false"
        viewBox="0 0 20 20"
      >
        <path
          d="M10.68 2.531a.692.692 0 0 0-.688-.68.69.69 0 0 0-.68.68v1.64c0 .368.313.68.68.68a.692.692 0 0 0 .688-.68v-1.64Zm3.172 2.977a.694.694 0 0 0 0 .96.681.681 0 0 0 .968 0l1.164-1.163a.689.689 0 0 0 0-.97.684.684 0 0 0-.953 0l-1.18 1.173Zm-8.688.96a.679.679 0 0 0 .961 0 .686.686 0 0 0 .008-.96L4.969 4.336a.701.701 0 0 0-.961 0 .701.701 0 0 0-.008.96L5.164 6.47Zm4.828-.124c-2.18 0-3.984 1.804-3.984 3.984 0 2.18 1.804 3.992 3.984 3.992 2.172 0 3.977-1.812 3.977-3.992 0-2.18-1.805-3.984-3.977-3.984Zm7.774 4.664a.692.692 0 0 0 .687-.68.692.692 0 0 0-.687-.68h-1.633a.69.69 0 0 0-.68.68c0 .367.313.68.68.68h1.633ZM2.219 9.648a.69.69 0 0 0-.68.68c0 .367.313.68.68.68h1.633a.692.692 0 0 0 .687-.68.692.692 0 0 0-.687-.68H2.219Zm12.594 4.547a.694.694 0 0 0-.961 0 .694.694 0 0 0 0 .961l1.18 1.172a.679.679 0 0 0 .953-.969l-1.172-1.164ZM4 15.352a.701.701 0 0 0-.008.96.703.703 0 0 0 .969.008l1.164-1.164a.686.686 0 0 0 .008-.96.703.703 0 0 0-.969 0L4 15.351Zm6.68 1.132a.692.692 0 0 0-.688-.68.69.69 0 0 0-.68.68v1.641c0 .367.313.68.68.68a.692.692 0 0 0 .688-.68v-1.64Z"
        />
      </svg>
    </span>
  </button>
</div>
`;
