// Vitest Snapshot v1, https://vitest.dev/guide/snapshot.html

exports[`ExternalStakePools > renders snapshot correctly 1`] = `
{
  "asFragment": [Function],
  "baseElement": <body>
    <div>
      <div
        style="position: fixed; z-index: 9999; top: 16px; left: 16px; right: 16px; bottom: 16px; pointer-events: none;"
      />
      <div
        id="stake-view"
      >
        <div
          class="MuiBox-root css-6y4wdt"
        >
          <h1
            class="MuiTypography-root MuiTypography-h1 css-f2reur-MuiTypography-root"
          >
            <div
              class="MuiBox-root css-u4p24i"
            >
              <div
                class="MuiBox-root css-1eek0hz"
              >
                <p
                  class="MuiTypography-root MuiTypography-body1 css-1xtlg2o-MuiTypography-root"
                >
                  Liquidity Pools
                </p>
              </div>
            </div>
          </h1>
        </div>
        <div
          class="MuiBox-root css-qmy2sf"
        >
          <div
            class="MuiBox-root css-j3ty86"
          >
            <p
              class="MuiTypography-root MuiTypography-body1 css-pi8uen-MuiTypography-root"
            >
              Increase OHM's use in DeFi by pairing your OHM with other ERC-20 tokens and provide liquidity
            </p>
          </div>
          <div
            class="MuiBox-root css-nwtebv"
          >
            <div
              class="MuiButtonBase-root MuiChip-root MuiChip-filled MuiChip-sizeMedium MuiChip-colorDefault MuiChip-clickable MuiChip-clickableColorDefault MuiChip-filledDefault Chip-chip css-1oagpq9-MuiButtonBase-root-MuiChip-root"
              role="button"
              tabindex="0"
            >
              <span
                class="MuiChip-label MuiChip-labelMedium css-6od3lo-MuiChip-label"
              >
                <p
                  class="MuiTypography-root MuiTypography-body1 css-vrumy4-MuiTypography-root"
                >
                  <svg
                    aria-hidden="true"
                    class="MuiSvgIcon-root MuiSvgIcon-fontSizeSmall css-l0e0t4-MuiSvgIcon-root"
                    data-testid="CheckIcon"
                    focusable="false"
                    viewBox="0 0 20 20"
                  >
                    <path
                      d="M9 16.17 4.83 12l-1.42 1.41L9 19 21 7l-1.41-1.41z"
                    />
                  </svg>
                  All
                </p>
              </span>
            </div>
            <div
              class="MuiButtonBase-root MuiChip-root MuiChip-filled MuiChip-sizeMedium MuiChip-colorDefault MuiChip-clickable MuiChip-clickableColorDefault MuiChip-filledDefault Chip-chip css-11c5anp-MuiButtonBase-root-MuiChip-root"
              role="button"
              tabindex="0"
            >
              <span
                class="MuiChip-label MuiChip-labelMedium css-6od3lo-MuiChip-label"
              >
                <p
                  class="MuiTypography-root MuiTypography-body1 css-vrumy4-MuiTypography-root"
                >
                  Stable
                </p>
              </span>
            </div>
            <div
              class="MuiButtonBase-root MuiChip-root MuiChip-filled MuiChip-sizeMedium MuiChip-colorDefault MuiChip-clickable MuiChip-clickableColorDefault MuiChip-filledDefault Chip-chip css-11c5anp-MuiButtonBase-root-MuiChip-root"
              role="button"
              tabindex="0"
            >
              <span
                class="MuiChip-label MuiChip-labelMedium css-6od3lo-MuiChip-label"
              >
                <p
                  class="MuiTypography-root MuiTypography-body1 css-vrumy4-MuiTypography-root"
                >
                  Volatile
                </p>
              </span>
            </div>
            <div
              class="MuiButtonBase-root MuiChip-root MuiChip-filled MuiChip-sizeMedium MuiChip-colorDefault MuiChip-clickable MuiChip-clickableColorDefault MuiChip-filledDefault Chip-chip css-11c5anp-MuiButtonBase-root-MuiChip-root"
              role="button"
              tabindex="0"
            >
              <span
                class="MuiChip-label MuiChip-labelMedium css-6od3lo-MuiChip-label"
              >
                <p
                  class="MuiTypography-root MuiTypography-body1 css-vrumy4-MuiTypography-root"
                >
                  gOHM
                </p>
              </span>
            </div>
          </div>
          <table
            class="MuiTable-root css-dcenn1-MuiTable-root"
          >
            <thead
              class="MuiTableHead-root css-15wwp11-MuiTableHead-root"
            >
              <tr
                class="MuiTableRow-root MuiTableRow-head css-xjst8z-MuiTableRow-root"
              >
                <th
                  class="MuiTableCell-root MuiTableCell-head MuiTableCell-sizeMedium css-a3zox6-MuiTableCell-root"
                  scope="col"
                >
                  Asset
                </th>
                <th
                  class="MuiTableCell-root MuiTableCell-head MuiTableCell-sizeMedium css-a3zox6-MuiTableCell-root"
                  scope="col"
                >
                  TVL
                </th>
                <th
                  class="MuiTableCell-root MuiTableCell-head MuiTableCell-sizeMedium css-a3zox6-MuiTableCell-root"
                  scope="col"
                >
                  APY
                  <div
                    class="MuiBox-root css-0"
                    style="display: inline-flex; justify-content: center; align-self: center;"
                  >
                    <svg
                      aria-hidden="true"
                      class="MuiSvgIcon-root MuiSvgIcon-fontSizeSmall info-icon css-1b8e8sl-MuiSvgIcon-root"
                      focusable="false"
                      style="margin: 0px 5px; font-size: 1em;"
                      viewBox="0 0 20 20"
                    >
                      <path
                        d="M 10 20 C 15.475 20 20 15.473 20 10 C 20 4.518 15.473 0 9.991 0 C 4.516 0 0 4.518 0 10 C 0 15.475 4.527 20 10 20 Z M 10 18.705 C 5.189 18.714 1.287 14.812 1.297 10.001 C 1.28 5.189 5.179 1.281 9.991 1.285 C 14.807 1.28 18.714 5.182 18.714 9.999 C 18.719 14.811 14.813 18.712 10 18.702 Z M 9.941 6.242 C 10.559 6.242 11.038 5.763 11.038 5.156 C 11.043 4.547 10.549 4.053 9.94 4.058 C 9.334 4.057 8.842 4.55 8.844 5.156 C 8.843 5.761 9.337 6.249 9.941 6.242 Z M 8.216 15.444 L 12.303 15.444 C 12.623 15.444 12.871 15.204 12.871 14.895 C 12.87 14.584 12.615 14.334 12.303 14.338 L 10.868 14.338 L 10.868 8.754 C 10.868 8.346 10.658 8.065 10.269 8.065 L 8.345 8.065 C 7.919 8.045 7.631 8.493 7.826 8.872 C 7.925 9.065 8.128 9.182 8.345 9.172 L 9.652 9.172 L 9.652 14.338 L 8.216 14.338 C 7.905 14.334 7.649 14.584 7.648 14.895 C 7.648 15.204 7.897 15.444 8.216 15.444 Z"
                      />
                    </svg>
                  </div>
                </th>
                <th
                  class="MuiTableCell-root MuiTableCell-head MuiTableCell-sizeMedium css-ngk6ek-MuiTableCell-root"
                  scope="col"
                  width="100px"
                />
              </tr>
            </thead>
            <tbody
              class="MuiTableBody-root css-apqrd9-MuiTableBody-root"
            />
          </table>
        </div>
      </div>
    </div>
  </body>,
  "container": <div>
    <div
      style="position: fixed; z-index: 9999; top: 16px; left: 16px; right: 16px; bottom: 16px; pointer-events: none;"
    />
    <div
      id="stake-view"
    >
      <div
        class="MuiBox-root css-6y4wdt"
      >
        <h1
          class="MuiTypography-root MuiTypography-h1 css-f2reur-MuiTypography-root"
        >
          <div
            class="MuiBox-root css-u4p24i"
          >
            <div
              class="MuiBox-root css-1eek0hz"
            >
              <p
                class="MuiTypography-root MuiTypography-body1 css-1xtlg2o-MuiTypography-root"
              >
                Liquidity Pools
              </p>
            </div>
          </div>
        </h1>
      </div>
      <div
        class="MuiBox-root css-qmy2sf"
      >
        <div
          class="MuiBox-root css-j3ty86"
        >
          <p
            class="MuiTypography-root MuiTypography-body1 css-pi8uen-MuiTypography-root"
          >
            Increase OHM's use in DeFi by pairing your OHM with other ERC-20 tokens and provide liquidity
          </p>
        </div>
        <div
          class="MuiBox-root css-nwtebv"
        >
          <div
            class="MuiButtonBase-root MuiChip-root MuiChip-filled MuiChip-sizeMedium MuiChip-colorDefault MuiChip-clickable MuiChip-clickableColorDefault MuiChip-filledDefault Chip-chip css-1oagpq9-MuiButtonBase-root-MuiChip-root"
            role="button"
            tabindex="0"
          >
            <span
              class="MuiChip-label MuiChip-labelMedium css-6od3lo-MuiChip-label"
            >
              <p
                class="MuiTypography-root MuiTypography-body1 css-vrumy4-MuiTypography-root"
              >
                <svg
                  aria-hidden="true"
                  class="MuiSvgIcon-root MuiSvgIcon-fontSizeSmall css-l0e0t4-MuiSvgIcon-root"
                  data-testid="CheckIcon"
                  focusable="false"
                  viewBox="0 0 20 20"
                >
                  <path
                    d="M9 16.17 4.83 12l-1.42 1.41L9 19 21 7l-1.41-1.41z"
                  />
                </svg>
                All
              </p>
            </span>
          </div>
          <div
            class="MuiButtonBase-root MuiChip-root MuiChip-filled MuiChip-sizeMedium MuiChip-colorDefault MuiChip-clickable MuiChip-clickableColorDefault MuiChip-filledDefault Chip-chip css-11c5anp-MuiButtonBase-root-MuiChip-root"
            role="button"
            tabindex="0"
          >
            <span
              class="MuiChip-label MuiChip-labelMedium css-6od3lo-MuiChip-label"
            >
              <p
                class="MuiTypography-root MuiTypography-body1 css-vrumy4-MuiTypography-root"
              >
                Stable
              </p>
            </span>
          </div>
          <div
            class="MuiButtonBase-root MuiChip-root MuiChip-filled MuiChip-sizeMedium MuiChip-colorDefault MuiChip-clickable MuiChip-clickableColorDefault MuiChip-filledDefault Chip-chip css-11c5anp-MuiButtonBase-root-MuiChip-root"
            role="button"
            tabindex="0"
          >
            <span
              class="MuiChip-label MuiChip-labelMedium css-6od3lo-MuiChip-label"
            >
              <p
                class="MuiTypography-root MuiTypography-body1 css-vrumy4-MuiTypography-root"
              >
                Volatile
              </p>
            </span>
          </div>
          <div
            class="MuiButtonBase-root MuiChip-root MuiChip-filled MuiChip-sizeMedium MuiChip-colorDefault MuiChip-clickable MuiChip-clickableColorDefault MuiChip-filledDefault Chip-chip css-11c5anp-MuiButtonBase-root-MuiChip-root"
            role="button"
            tabindex="0"
          >
            <span
              class="MuiChip-label MuiChip-labelMedium css-6od3lo-MuiChip-label"
            >
              <p
                class="MuiTypography-root MuiTypography-body1 css-vrumy4-MuiTypography-root"
              >
                gOHM
              </p>
            </span>
          </div>
        </div>
        <table
          class="MuiTable-root css-dcenn1-MuiTable-root"
        >
          <thead
            class="MuiTableHead-root css-15wwp11-MuiTableHead-root"
          >
            <tr
              class="MuiTableRow-root MuiTableRow-head css-xjst8z-MuiTableRow-root"
            >
              <th
                class="MuiTableCell-root MuiTableCell-head MuiTableCell-sizeMedium css-a3zox6-MuiTableCell-root"
                scope="col"
              >
                Asset
              </th>
              <th
                class="MuiTableCell-root MuiTableCell-head MuiTableCell-sizeMedium css-a3zox6-MuiTableCell-root"
                scope="col"
              >
                TVL
              </th>
              <th
                class="MuiTableCell-root MuiTableCell-head MuiTableCell-sizeMedium css-a3zox6-MuiTableCell-root"
                scope="col"
              >
                APY
                <div
                  class="MuiBox-root css-0"
                  style="display: inline-flex; justify-content: center; align-self: center;"
                >
                  <svg
                    aria-hidden="true"
                    class="MuiSvgIcon-root MuiSvgIcon-fontSizeSmall info-icon css-1b8e8sl-MuiSvgIcon-root"
                    focusable="false"
                    style="margin: 0px 5px; font-size: 1em;"
                    viewBox="0 0 20 20"
                  >
                    <path
                      d="M 10 20 C 15.475 20 20 15.473 20 10 C 20 4.518 15.473 0 9.991 0 C 4.516 0 0 4.518 0 10 C 0 15.475 4.527 20 10 20 Z M 10 18.705 C 5.189 18.714 1.287 14.812 1.297 10.001 C 1.28 5.189 5.179 1.281 9.991 1.285 C 14.807 1.28 18.714 5.182 18.714 9.999 C 18.719 14.811 14.813 18.712 10 18.702 Z M 9.941 6.242 C 10.559 6.242 11.038 5.763 11.038 5.156 C 11.043 4.547 10.549 4.053 9.94 4.058 C 9.334 4.057 8.842 4.55 8.844 5.156 C 8.843 5.761 9.337 6.249 9.941 6.242 Z M 8.216 15.444 L 12.303 15.444 C 12.623 15.444 12.871 15.204 12.871 14.895 C 12.87 14.584 12.615 14.334 12.303 14.338 L 10.868 14.338 L 10.868 8.754 C 10.868 8.346 10.658 8.065 10.269 8.065 L 8.345 8.065 C 7.919 8.045 7.631 8.493 7.826 8.872 C 7.925 9.065 8.128 9.182 8.345 9.172 L 9.652 9.172 L 9.652 14.338 L 8.216 14.338 C 7.905 14.334 7.649 14.584 7.648 14.895 C 7.648 15.204 7.897 15.444 8.216 15.444 Z"
                    />
                  </svg>
                </div>
              </th>
              <th
                class="MuiTableCell-root MuiTableCell-head MuiTableCell-sizeMedium css-ngk6ek-MuiTableCell-root"
                scope="col"
                width="100px"
              />
            </tr>
          </thead>
          <tbody
            class="MuiTableBody-root css-apqrd9-MuiTableBody-root"
          />
        </table>
      </div>
    </div>
  </div>,
  "debug": [Function],
  "findAllByAltText": [Function],
  "findAllByDisplayValue": [Function],
  "findAllByLabelText": [Function],
  "findAllByPlaceholderText": [Function],
  "findAllByRole": [Function],
  "findAllByTestId": [Function],
  "findAllByText": [Function],
  "findAllByTitle": [Function],
  "findByAltText": [Function],
  "findByDisplayValue": [Function],
  "findByLabelText": [Function],
  "findByPlaceholderText": [Function],
  "findByRole": [Function],
  "findByTestId": [Function],
  "findByText": [Function],
  "findByTitle": [Function],
  "getAllByAltText": [Function],
  "getAllByDisplayValue": [Function],
  "getAllByLabelText": [Function],
  "getAllByPlaceholderText": [Function],
  "getAllByRole": [Function],
  "getAllByTestId": [Function],
  "getAllByText": [Function],
  "getAllByTitle": [Function],
  "getByAltText": [Function],
  "getByDisplayValue": [Function],
  "getByLabelText": [Function],
  "getByPlaceholderText": [Function],
  "getByRole": [Function],
  "getByTestId": [Function],
  "getByText": [Function],
  "getByTitle": [Function],
  "queryAllByAltText": [Function],
  "queryAllByDisplayValue": [Function],
  "queryAllByLabelText": [Function],
  "queryAllByPlaceholderText": [Function],
  "queryAllByRole": [Function],
  "queryAllByTestId": [Function],
  "queryAllByText": [Function],
  "queryAllByTitle": [Function],
  "queryByAltText": [Function],
  "queryByDisplayValue": [Function],
  "queryByLabelText": [Function],
  "queryByPlaceholderText": [Function],
  "queryByRole": [Function],
  "queryByTestId": [Function],
  "queryByText": [Function],
  "queryByTitle": [Function],
  "rerender": [Function],
  "unmount": [Function],
}
`;
