// Jest Snapshot v1, https://goo.gl/fbAQLP

exports[`<InitialWalletView/> Should render component 1`] = `
<div>
  <div
    class="MuiPaper-root MuiPaper-elevation0 MuiPaper-rounded"
  >
    <div
      class="MuiBox-root MuiBox-root-1"
    >
      <div
        class="MuiBox-root MuiBox-root-2"
      >
        <div
          class="MuiBox-root MuiBox-root-3"
        >
          <p
            class="MuiTypography-root MuiTypography-body1 MuiTypography-colorTextSecondary"
            style="line-height: 1.1; font-weight: 600; font-size: 0.975rem;"
          >
            MY WALLET
          </p>
          <h3
            class="MuiTypography-root MuiTypography-h3"
            style="font-weight: 700; cursor: pointer;"
          >
            $0.00
          </h3>
        </div>
        <button
          aria-label="close wallet"
          class="MuiButtonBase-root MuiIconButton-root WithStyles(ForwardRef(IconButton))-root-4 MuiIconButton-sizeSmall"
          tabindex="0"
          type="button"
        >
          <span
            class="MuiIconButton-label"
          >
            <svg
              aria-hidden="true"
              class="MuiSvgIcon-root MuiSvgIcon-fontSizeSmall"
              focusable="false"
              viewBox="0 0 20 20"
            >
              <path
                d="M3.56689 15.1035C3.21826 15.4521 3.20166 16.0747 3.5752 16.4399C3.94043 16.8052 4.56299 16.7969 4.91162 16.4482L9.9917 11.3599L15.0801 16.4482C15.437 16.8052 16.0513 16.8052 16.4165 16.4399C16.7734 16.0664 16.7817 15.4605 16.4165 15.1035L11.3364 10.0151L16.4165 4.93506C16.7817 4.57813 16.7817 3.96387 16.4165 3.59863C16.043 3.2417 15.437 3.2334 15.0801 3.59033L9.9917 8.67871L4.91162 3.59033C4.56299 3.2417 3.93213 3.2251 3.5752 3.59863C3.20996 3.96387 3.21826 4.58643 3.56689 4.93506L8.65527 10.0151L3.56689 15.1035Z"
              />
            </svg>
          </span>
        </button>
      </div>
      <div
        class="MuiBox-root MuiBox-root-6"
        style="gap: 8px;"
      >
        <div
          class="MuiPaper-root MuiAccordion-root WithStyles(ForwardRef(Accordion))-root-7 MuiAccordion-rounded MuiPaper-elevation0 MuiPaper-rounded"
        >
          <div
            aria-disabled="false"
            aria-expanded="false"
            class="MuiButtonBase-root MuiAccordionSummary-root WithStyles(ForwardRef(AccordionSummary))-root-9"
            role="button"
            tabindex="0"
          >
            <div
              class="MuiAccordionSummary-content WithStyles(ForwardRef(AccordionSummary))-content-10"
            >
              <div
                class="MuiBox-root MuiBox-root-12"
              >
                <svg
                  aria-hidden="true"
                  class="MuiSvgIcon-root MuiSvgIcon-fontSizeLarge"
                  focusable="false"
                  style="font-size: 28px; margin-right: 8px;"
                  viewBox="0 0 32 32"
                >
                  <path
                    d="M0 16C0 7.163 7.163 0 16 0s16 7.163 16 16-7.163 16-16 16S0 24.837 0 16Z"
                    fill="#708B96"
                  />
                  <path
                    clip-rule="evenodd"
                    d="M17.536 23.04v.032h5.504v-1.984h-2.718c1.635-1.239 2.686-3.165 2.686-5.328 0-3.738-3.138-6.768-7.008-6.768s-7.008 3.03-7.008 6.768c0 2.163 1.05 4.089 2.686 5.328H8.96v1.984h5.504v-2.667c-2.005-.63-3.456-2.465-3.456-4.629 0-2.686 2.235-4.864 4.992-4.864s4.992 2.178 4.992 4.864c0 2.164-1.45 3.998-3.456 4.63v2.634Z"
                    fill="#fff"
                    fill-rule="evenodd"
                  />
                </svg>
                <p
                  class="MuiTypography-root MuiTypography-body1"
                >
                  OHM
                </p>
              </div>
              <div
                class="MuiBox-root MuiBox-root-14"
              >
                <p
                  class="MuiTypography-root MuiTypography-body2"
                  data-testid="balance-token"
                  style="font-weight: 600;"
                >
                  0
                </p>
                <p
                  class="MuiTypography-root MuiTypography-body2 MuiTypography-colorTextSecondary"
                  data-testid="balance-usd"
                >
                  $0.00
                </p>
              </div>
            </div>
            <div
              aria-disabled="false"
              aria-hidden="true"
              class="MuiButtonBase-root MuiIconButton-root MuiAccordionSummary-expandIcon MuiIconButton-edgeEnd"
            >
              <span
                class="MuiIconButton-label"
              >
                <svg
                  aria-hidden="true"
                  class="MuiSvgIcon-root MuiSvgIcon-colorDisabled MuiSvgIcon-fontSizeSmall"
                  focusable="false"
                  viewBox="0 0 20 20"
                >
                  <path
                    d="M10.4 6.5a1.75 1.75 0 1 1 0-3.5 1.75 1.75 0 0 1 0 3.5Zm0 10.5a1.75 1.75 0 1 1 0-3.5 1.75 1.75 0 0 1 0 3.5Zm-1.75-7a1.75 1.75 0 1 0 3.5 0 1.75 1.75 0 0 0-3.5 0Z"
                  />
                </svg>
              </span>
            </div>
          </div>
          <div
            class="MuiCollapse-root MuiCollapse-hidden"
            style="min-height: 0px;"
          >
            <div
              class="MuiCollapse-wrapper"
            >
              <div
                class="MuiCollapse-wrapperInner"
              >
                <div
                  role="region"
                >
                  <div
                    class="MuiAccordionDetails-root"
                    style="margin: auto; padding: 8px 0px;"
                  >
                    <div
                      class="MuiBox-root MuiBox-root-15"
                      style="gap: 8px;"
                    >
                      <div
                        class="MuiBox-root MuiBox-root-16 ohm-pairs"
                        style="width: 100%;"
                      >
                        <button
                          class="MuiButtonBase-root MuiButton-root MuiButton-contained MuiButton-containedSecondary MuiButton-disableElevation MuiButton-fullWidth"
                          tabindex="0"
                          type="button"
                        >
                          <span
                            class="MuiButton-label"
                          >
                            <p
                              class="MuiTypography-root MuiTypography-body1"
                            >
                              Add to Wallet
                            </p>
                          </span>
                        </button>
                      </div>
                    </div>
                  </div>
                </div>
              </div>
            </div>
          </div>
        </div>
        <div
          class="MuiPaper-root MuiAccordion-root WithStyles(ForwardRef(Accordion))-root-7 MuiAccordion-rounded MuiPaper-elevation0 MuiPaper-rounded"
        >
          <div
            aria-disabled="false"
            aria-expanded="false"
            class="MuiButtonBase-root MuiAccordionSummary-root WithStyles(ForwardRef(AccordionSummary))-root-9"
            role="button"
            tabindex="0"
          >
            <div
              class="MuiAccordionSummary-content WithStyles(ForwardRef(AccordionSummary))-content-10"
            >
              <div
                class="MuiBox-root MuiBox-root-17"
              >
                <svg
                  aria-hidden="true"
                  class="MuiSvgIcon-root MuiSvgIcon-fontSizeLarge"
                  focusable="false"
                  style="font-size: 28px; margin-right: 8px;"
                  viewBox="0 0 32 32"
                >
                  <defs>
                    <lineargradient
                      gradientTransform="matrix(0.319996, 0, 0, 0.319996, -0.000007, -1.775952)"
                      gradientUnits="userSpaceOnUse"
                      id="paint0_linear"
                      x1="-83.5339"
                      x2="189.059"
                      y1="50"
                      y2="50"
                    >
                      <stop
                        stop-color="#708B96"
                      />
                      <stop
                        offset="1"
                        stop-color="#F7FBE7"
                      />
                    </lineargradient>
                  </defs>
                  <path
                    clip-rule="evenodd"
                    d="M 15.982 28.228 C 23.688 28.228 29.934 21.982 29.934 14.276 C 29.934 12.658 29.658 11.104 29.152 9.659 L 29.152 5.11 C 30.947 7.696 32 10.837 32 14.224 C 32 23.06 24.836 30.224 16 30.224 C 7.163 30.224 0 23.06 0 14.224 C 0 10.817 1.065 7.659 2.88 5.064 L 2.88 9.472 C 2.331 10.97 2.031 12.588 2.031 14.276 C 2.031 21.982 8.276 28.228 15.982 28.228 Z"
                    fill="url(#paint0_linear)"
                    fill-rule="evenodd"
                  />
                  <path
                    d="M 3.552 14.224 C 3.552 7.349 9.125 1.776 16 1.776 C 22.875 1.776 28.448 7.349 28.448 14.224 C 28.448 21.099 22.875 26.671 16 26.671 C 9.125 26.671 3.552 21.099 3.552 14.224 Z"
                    fill="#708B96"
                  />
                  <path
                    clip-rule="evenodd"
                    d="M 17.195 19.176 C 17.195 19.176 17.195 19.176 17.195 19.176 L 17.195 19.726 L 21.477 19.726 L 21.477 18.181 L 19.363 18.181 C 20.634 17.219 21.451 15.72 21.451 14.037 C 21.451 11.129 19.011 8.772 16 8.772 C 12.989 8.772 10.548 11.129 10.548 14.037 C 10.548 15.72 11.365 17.219 12.637 18.181 L 10.523 18.181 L 10.523 19.726 L 14.805 19.726 L 14.805 19.176 L 14.805 17.652 C 13.245 17.16 12.116 15.733 12.116 14.05 C 12.116 11.96 13.855 10.266 16 10.266 C 18.145 10.266 19.884 11.96 19.884 14.05 C 19.884 15.733 18.755 17.16 17.195 17.652 L 17.195 19.176 Z"
                    fill="white"
                    fill-rule="evenodd"
                  />
                </svg>
                <p
                  class="MuiTypography-root MuiTypography-body1"
                >
                  sOHM
                </p>
              </div>
              <div
                class="MuiBox-root MuiBox-root-18"
              >
                <p
                  class="MuiTypography-root MuiTypography-body2"
                  data-testid="balance-token"
                  style="font-weight: 600;"
                >
                  0
                </p>
                <p
                  class="MuiTypography-root MuiTypography-body2 MuiTypography-colorTextSecondary"
                  data-testid="balance-usd"
                >
                  $0.00
                </p>
              </div>
            </div>
            <div
              aria-disabled="false"
              aria-hidden="true"
              class="MuiButtonBase-root MuiIconButton-root MuiAccordionSummary-expandIcon MuiIconButton-edgeEnd"
            >
              <span
                class="MuiIconButton-label"
              >
                <svg
                  aria-hidden="true"
                  class="MuiSvgIcon-root MuiSvgIcon-colorDisabled MuiSvgIcon-fontSizeSmall"
                  focusable="false"
                  viewBox="0 0 20 20"
                >
                  <path
                    d="M10.4 6.5a1.75 1.75 0 1 1 0-3.5 1.75 1.75 0 0 1 0 3.5Zm0 10.5a1.75 1.75 0 1 1 0-3.5 1.75 1.75 0 0 1 0 3.5Zm-1.75-7a1.75 1.75 0 1 0 3.5 0 1.75 1.75 0 0 0-3.5 0Z"
                  />
                </svg>
              </span>
            </div>
          </div>
          <div
            class="MuiCollapse-root MuiCollapse-hidden"
            style="min-height: 0px;"
          >
            <div
              class="MuiCollapse-wrapper"
            >
              <div
                class="MuiCollapse-wrapperInner"
              >
                <div
                  role="region"
                >
                  <div
                    class="MuiAccordionDetails-root"
                    style="margin: auto; padding: 8px 0px;"
                  >
                    <div
                      class="MuiBox-root MuiBox-root-19"
                      style="gap: 8px;"
                    >
                      <div
                        class="MuiBox-root MuiBox-root-20 ohm-pairs"
                        style="width: 100%;"
                      >
                        <button
                          class="MuiButtonBase-root MuiButton-root MuiButton-contained MuiButton-containedSecondary MuiButton-disableElevation MuiButton-fullWidth"
                          tabindex="0"
                          type="button"
                        >
                          <span
                            class="MuiButton-label"
                          >
                            <p
                              class="MuiTypography-root MuiTypography-body1"
                            >
                              Add to Wallet
                            </p>
                          </span>
                        </button>
                      </div>
                    </div>
                  </div>
                </div>
              </div>
            </div>
          </div>
        </div>
        <div
          class="MuiPaper-root MuiAccordion-root WithStyles(ForwardRef(Accordion))-root-7 MuiAccordion-rounded MuiPaper-elevation0 MuiPaper-rounded"
        >
          <div
            aria-disabled="false"
            aria-expanded="false"
            class="MuiButtonBase-root MuiAccordionSummary-root WithStyles(ForwardRef(AccordionSummary))-root-9"
            role="button"
            tabindex="0"
          >
            <div
              class="MuiAccordionSummary-content WithStyles(ForwardRef(AccordionSummary))-content-10"
            >
              <div
                class="MuiBox-root MuiBox-root-21"
              >
                <svg
                  aria-hidden="true"
                  class="MuiSvgIcon-root MuiSvgIcon-fontSizeLarge"
                  focusable="false"
                  style="font-size: 28px; margin-right: 8px;"
                  viewBox="0 0 32 32"
                >
                  <defs>
                    <lineargradient
                      gradientTransform="matrix(0.177778, 0, 0, 0.177778, 1.777779, 1.777779)"
                      gradientUnits="userSpaceOnUse"
                      id="paint0_linear_359"
                      x1="80"
                      x2="80"
                      y1="-84"
                      y2="256"
                    >
                      <stop
                        offset="0.1949"
                        stop-color="#708B96"
                      />
                      <stop
                        offset="1"
                        stop-color="#F7FBE7"
                      />
                    </lineargradient>
                  </defs>
                  <path
                    d="M 1.778 16 C 1.778 8.145 8.145 1.778 16 1.778 C 23.855 1.778 30.222 8.145 30.222 16 C 30.222 23.855 23.855 30.222 16 30.222 C 8.145 30.222 1.778 23.855 1.778 16 Z"
                    fill="#fff"
                  />
                  <rect
                    fill="#fff"
                    height="12.516"
                    width="12.516"
                    x="9.742"
                    y="9.771"
                  />
                  <path
                    clip-rule="evenodd"
                    d="M 14.635 22.286 L 14.635 19.916 C 12.852 19.355 11.563 17.725 11.563 15.801 C 11.563 13.413 13.549 11.477 16 11.477 C 18.451 11.477 20.437 13.413 20.437 15.801 C 20.437 17.725 19.148 19.355 17.365 19.916 L 17.365 21.658 L 17.365 22.258 L 17.365 22.286 L 22.258 22.286 L 22.258 20.523 L 19.842 20.523 C 21.295 19.421 22.229 17.709 22.229 15.787 C 22.229 12.464 19.44 9.771 16 9.771 C 12.56 9.771 9.771 12.464 9.771 15.787 C 9.771 17.709 10.705 19.421 12.158 20.523 L 9.742 20.523 L 9.742 22.286 Z"
                    fill="#708b96"
                    fill-rule="evenodd"
                  />
                  <path
                    d="M 16 28.444 C 9.127 28.444 3.556 22.873 3.556 16 L 0 16 C 0 24.837 7.163 32 16 32 Z M 28.444 16 C 28.444 22.873 22.873 28.444 16 28.444 L 16 32 C 24.837 32 32 24.837 32 16 Z M 16 3.556 C 22.873 3.556 28.444 9.127 28.444 16 L 32 16 C 32 7.163 24.837 0 16 0 Z M 16 0 C 7.163 0 0 7.163 0 16 L 3.556 16 C 3.556 9.127 9.127 3.556 16 3.556 Z"
                    fill="url(#paint0_linear_359)"
                  />
                </svg>
                <p
                  class="MuiTypography-root MuiTypography-body1"
                >
                  gOHM
                </p>
              </div>
              <div
                class="MuiBox-root MuiBox-root-22"
              >
                <p
                  class="MuiTypography-root MuiTypography-body2"
                  data-testid="balance-token"
                  style="font-weight: 600;"
                >
                  <span
                    class="MuiSkeleton-root MuiSkeleton-text MuiSkeleton-pulse"
                    style="width: 50px;"
                  />
                </p>
                <p
                  class="MuiTypography-root MuiTypography-body2 MuiTypography-colorTextSecondary"
                  data-testid="balance-usd"
                >
                  <span
                    class="MuiSkeleton-root MuiSkeleton-text MuiSkeleton-pulse"
                    style="width: 50px;"
                  />
                </p>
              </div>
            </div>
            <div
              aria-disabled="false"
              aria-hidden="true"
              class="MuiButtonBase-root MuiIconButton-root MuiAccordionSummary-expandIcon MuiIconButton-edgeEnd"
            >
              <span
                class="MuiIconButton-label"
              >
                <svg
                  aria-hidden="true"
                  class="MuiSvgIcon-root MuiSvgIcon-colorDisabled MuiSvgIcon-fontSizeSmall"
                  focusable="false"
                  viewBox="0 0 20 20"
                >
                  <path
                    d="M10.4 6.5a1.75 1.75 0 1 1 0-3.5 1.75 1.75 0 0 1 0 3.5Zm0 10.5a1.75 1.75 0 1 1 0-3.5 1.75 1.75 0 0 1 0 3.5Zm-1.75-7a1.75 1.75 0 1 0 3.5 0 1.75 1.75 0 0 0-3.5 0Z"
                  />
                </svg>
              </span>
            </div>
          </div>
          <div
            class="MuiCollapse-root MuiCollapse-hidden"
            style="min-height: 0px;"
          >
            <div
              class="MuiCollapse-wrapper"
            >
              <div
                class="MuiCollapse-wrapperInner"
              >
                <div
                  role="region"
                >
                  <div
                    class="MuiAccordionDetails-root"
                    style="margin: auto; padding: 8px 0px;"
                  >
                    <div
                      class="MuiBox-root MuiBox-root-23"
                      style="gap: 8px;"
                    >
                      <div
                        class="MuiBox-root MuiBox-root-24 ohm-pairs"
                        style="width: 100%;"
                      >
                        <button
                          class="MuiButtonBase-root MuiButton-root MuiButton-contained MuiButton-containedSecondary MuiButton-disableElevation MuiButton-fullWidth"
                          tabindex="0"
                          type="button"
                        >
                          <span
                            class="MuiButton-label"
                          >
                            <p
                              class="MuiTypography-root MuiTypography-body1"
                            >
                              Add to Wallet
                            </p>
                          </span>
                        </button>
                      </div>
                    </div>
                  </div>
                </div>
              </div>
            </div>
          </div>
        </div>
      </div>
      <div
        class="MuiBox-root MuiBox-root-25"
      >
        <hr
          class="MuiDivider-root"
          color="secondary"
        />
      </div>
      <div
        class="MuiBox-root MuiBox-root-26"
        style="gap: 12px;"
      >
        <a
          aria-disabled="false"
          class="MuiButtonBase-root MuiButton-root MuiButton-outlined MuiButton-outlinedSizeLarge MuiButton-sizeLarge MuiButton-disableElevation MuiButton-fullWidth"
          href="https://app.sushi.com/swap?inputCurrency=0x6b175474e89094c44da98b954eedeac495271d0f&outputCurrency=0x64aa3364f17a4d01c6f1751fd97c2bd3d7e7f1d5"
          style="padding: 12px; max-height: unset; height: auto;"
          tabindex="0"
          target="_blank"
        >
          <span
            class="MuiButton-label"
          >
            <div
              class="MuiBox-root MuiBox-root-27"
            >
              <div
                class="MuiBox-root MuiBox-root-28"
              >
                <p
                  class="MuiTypography-root MuiTypography-body1"
                >
                  Get on Sushiswap
                </p>
              </div>
              <div
                class="MuiBox-root MuiBox-root-29"
              >
                <svg
                  aria-hidden="true"
                  class="MuiSvgIcon-root MuiSvgIcon-fontSizeSmall"
                  color=""
                  focusable="false"
                  style="position: absolute; right: -2px; top: -2px; height: 18px; width: 18px; vertical-align: middle;"
                  viewBox="0 0 20 20"
                >
                  arrow-up.svg
                </svg>
              </div>
            </div>
          </span>
        </a>
        <a
          aria-disabled="false"
          class="MuiButtonBase-root MuiButton-root MuiButton-outlined MuiButton-outlinedSizeLarge MuiButton-sizeLarge MuiButton-disableElevation MuiButton-fullWidth"
          href="https://app.uniswap.org/#/swap?inputCurrency=0x853d955acef822db058eb8505911ed77f175b99e&outputCurrency=0x64aa3364f17a4d01c6f1751fd97c2bd3d7e7f1d5"
          style="padding: 12px; max-height: unset; height: auto;"
          tabindex="0"
          target="_blank"
        >
          <span
            class="MuiButton-label"
          >
            <div
              class="MuiBox-root MuiBox-root-30"
            >
              <div
                class="MuiBox-root MuiBox-root-31"
              >
                <p
                  class="MuiTypography-root MuiTypography-body1"
                >
                  Get on Uniswap
                </p>
              </div>
              <div
                class="MuiBox-root MuiBox-root-32"
              >
                <svg
                  aria-hidden="true"
                  class="MuiSvgIcon-root MuiSvgIcon-fontSizeSmall"
                  color=""
                  focusable="false"
                  style="position: absolute; right: -2px; top: -2px; height: 18px; width: 18px; vertical-align: middle;"
                  viewBox="0 0 20 20"
                >
                  arrow-up.svg
                </svg>
              </div>
            </div>
          </span>
        </a>
        <a
          aria-disabled="false"
          class="MuiButtonBase-root MuiButton-root MuiButton-outlined MuiButton-outlinedSizeLarge MuiButton-sizeLarge MuiButton-disableElevation MuiButton-fullWidth"
          href="https://app.rari.capital/fuse/pool/18"
          style="padding: 12px; max-height: unset; height: auto;"
          tabindex="0"
          target="_blank"
        >
          <span
            class="MuiButton-label"
          >
            <div
              class="MuiBox-root MuiBox-root-33"
            >
              <div
                class="MuiBox-root MuiBox-root-34"
              >
                <div
                  class="MuiBox-root MuiBox-root-35"
                >
                  <div
                    class="MuiBox-root MuiBox-root-36"
                  >
                    <svg
                      aria-hidden="true"
                      class="MuiSvgIcon-root MuiSvgIcon-fontSizeLarge"
                      focusable="false"
                      style="font-size: 26px;"
                      viewBox="0 0 32 32"
                    >
                      <defs>
                        <lineargradient
                          gradientTransform="matrix(0.177778, 0, 0, 0.177778, 1.777779, 1.777779)"
                          gradientUnits="userSpaceOnUse"
                          id="paint0_linear_359"
                          x1="80"
                          x2="80"
                          y1="-84"
                          y2="256"
                        >
                          <stop
                            offset="0.1949"
                            stop-color="#708B96"
                          />
                          <stop
                            offset="1"
                            stop-color="#F7FBE7"
                          />
                        </lineargradient>
                      </defs>
                      <path
                        d="M 1.778 16 C 1.778 8.145 8.145 1.778 16 1.778 C 23.855 1.778 30.222 8.145 30.222 16 C 30.222 23.855 23.855 30.222 16 30.222 C 8.145 30.222 1.778 23.855 1.778 16 Z"
                        fill="#fff"
                      />
                      <rect
                        fill="#fff"
                        height="12.516"
                        width="12.516"
                        x="9.742"
                        y="9.771"
                      />
                      <path
                        clip-rule="evenodd"
                        d="M 14.635 22.286 L 14.635 19.916 C 12.852 19.355 11.563 17.725 11.563 15.801 C 11.563 13.413 13.549 11.477 16 11.477 C 18.451 11.477 20.437 13.413 20.437 15.801 C 20.437 17.725 19.148 19.355 17.365 19.916 L 17.365 21.658 L 17.365 22.258 L 17.365 22.286 L 22.258 22.286 L 22.258 20.523 L 19.842 20.523 C 21.295 19.421 22.229 17.709 22.229 15.787 C 22.229 12.464 19.44 9.771 16 9.771 C 12.56 9.771 9.771 12.464 9.771 15.787 C 9.771 17.709 10.705 19.421 12.158 20.523 L 9.742 20.523 L 9.742 22.286 Z"
                        fill="#708b96"
                        fill-rule="evenodd"
                      />
                      <path
                        d="M 16 28.444 C 9.127 28.444 3.556 22.873 3.556 16 L 0 16 C 0 24.837 7.163 32 16 32 Z M 28.444 16 C 28.444 22.873 22.873 28.444 16 28.444 L 16 32 C 24.837 32 32 24.837 32 16 Z M 16 3.556 C 22.873 3.556 28.444 9.127 28.444 16 L 32 16 C 32 7.163 24.837 0 16 0 Z M 16 0 C 7.163 0 0 7.163 0 16 L 3.556 16 C 3.556 9.127 9.127 3.556 16 3.556 Z"
                        fill="url(#paint0_linear_359)"
                      />
                    </svg>
                    <svg
                      aria-hidden="true"
                      class="MuiSvgIcon-root MuiSvgIcon-fontSizeSmall"
                      focusable="false"
                      style="font-size: 15px; transform: rotate(270deg); margin-left: 5px; margin-right: 5px;"
                      viewBox="0 0 20 20"
                    >
                      <path
                        d="M 0.419 4.705 C 0.976 4.146 1.88 4.146 2.439 4.705 L 10 12.265 L 17.561 4.705 C 18.119 4.146 19.023 4.146 19.582 4.705 C 20.139 5.262 20.139 6.166 19.582 6.725 L 11.01 15.296 C 10.452 15.854 9.547 15.854 8.99 15.296 L 0.419 6.725 C -0.14 6.166 -0.14 5.262 0.419 4.705 Z"
                      />
                    </svg>
                    <div
                      class="MuiBox-root MuiBox-root-37"
                    >
                      <svg
                        aria-hidden="true"
                        class="MuiSvgIcon-root MuiSvgIcon-fontSizeLarge"
                        focusable="false"
                        style="z-index: 1; font-size: 26px;"
                        viewBox="0 0 32 32"
                      >
                        <circle
                          cx="16"
                          cy="16"
                          fill="#fff"
                          r="15"
                          stroke="url(#wETH_svg__a)"
                          stroke-width="2"
                        />
                        <path
                          clip-rule="evenodd"
                          d="M16.25 20.976 10 17.349 16.25 26V26l6.253-8.65-6.253 3.626Z"
                          fill="#708B96"
                          fill-rule="evenodd"
                        />
                        <path
                          clip-rule="evenodd"
                          d="m16.25 6 6.248 10.186-6.248-2.793L10 16.186 16.25 6Zm0 7.395L10 16.185l6.25 3.629 6.248-3.628-6.248-2.791Z"
                          fill="#424242"
                          fill-rule="evenodd"
                        />
                        <defs>
                          <lineargradient
                            gradientUnits="userSpaceOnUse"
                            id="wETH_svg__a"
                            x1="16"
                            x2="16"
                            y1="0"
                            y2="32"
                          >
                            <stop
                              stop-color="#444243"
                            />
                            <stop
                              offset="1"
                              stop-color="#708B96"
                            />
                          </lineargradient>
                        </defs>
                      </svg>
                      <svg
                        aria-hidden="true"
                        class="MuiSvgIcon-root MuiSvgIcon-fontSizeLarge"
                        focusable="false"
                        style="margin-left: -6px; z-index: 1; font-size: 26px;"
                        viewBox="0 0 32 32"
                      >
                        <circle
                          cx="16"
                          cy="16"
                          fill="#F5AC37"
                          r="16"
                        />
                        <path
                          d="M16.59 17.13h6.08c.13 0 .19 0 .2-.17.05-.619.05-1.24 0-1.86 0-.12-.06-.17-.19-.17h-12.1c-.15 0-.19.05-.19.19v1.78c0 .23 0 .23.24.23h5.96Zm5.6-4.28a.195.195 0 0 0 0-.14 3.96 3.96 0 0 0-.36-.63 5.103 5.103 0 0 0-.74-.93 2.451 2.451 0 0 0-.461-.45 7.187 7.187 0 0 0-3-1.52 7.458 7.458 0 0 0-1.7-.18h-5.37c-.15 0-.17.06-.17.19v3.55c0 .15 0 .19.19.19h11.54s.1-.02.12-.08h-.049Zm0 6.36a2.336 2.336 0 0 0-.51 0H10.59c-.15 0-.2 0-.2.2v3.47c0 .16 0 .2.2.2h5.12c.245.02.49.002.73-.049a7.626 7.626 0 0 0 2.17-.48c.253-.088.498-.203.73-.34h.07a6.496 6.496 0 0 0 2.79-2.809s.07-.151-.01-.19v-.002ZM8.38 24.88v-5.53c0-.13 0-.15-.16-.15H6.05c-.12 0-.17 0-.17-.16v-1.9H8.2c.13 0 .18 0 .18-.17v-1.88c0-.12 0-.149-.16-.149H6.05c-.12 0-.17 0-.17-.16v-1.76c0-.11 0-.14.16-.14h2.15c.15 0 .19 0 .19-.19v-5.39c0-.16 0-.2.2-.2h7.5c.544.022 1.085.082 1.62.18a9.775 9.775 0 0 1 3.13 1.16 8.82 8.82 0 0 1 1.76 1.36c.396.412.753.857 1.07 1.33.314.48.575.994.78 1.53a.26.26 0 0 0 .3.21h1.79c.23 0 .23 0 .24.221v1.64c0 .16-.06.2-.221.2h-1.38c-.14 0-.18 0-.17.18.054.61.054 1.22 0 1.83 0 .17 0 .19.19.19h1.58c.07.09 0 .18 0 .27.01.117.01.234 0 .35v1.21c0 .17-.05.22-.2.22h-1.89a.25.25 0 0 0-.29.19 7.997 7.997 0 0 1-2.101 3.06c-.34.307-.697.595-1.07.86-.4.23-.79.47-1.2.66-.756.34-1.548.591-2.36.75a12.3 12.3 0 0 1-2.34.19h-6.94v-.01l.002-.002Z"
                          fill="#FEFEFD"
                        />
                      </svg>
                      <svg
                        aria-hidden="true"
                        class="MuiSvgIcon-root MuiSvgIcon-fontSizeLarge"
                        focusable="false"
                        style="margin-left: -6px; z-index: 1; font-size: 26px;"
                        viewBox="0 0 32 32"
                      >
                        <circle
                          cx="16"
                          cy="16"
                          fill="#333"
                          r="16"
                        />
                        <path
                          clip-rule="evenodd"
                          d="m22.434 12.123 2.604-2.729-2.326-2.22-2.526 2.648a7.642 7.642 0 0 0-8.336-.069L9.177 7.201l-2.22 2.326 2.608 2.489a7.644 7.644 0 0 0-.071 8.246l-2.749 2.88 2.326 2.22 2.67-2.797a7.642 7.642 0 0 0 8.35.064l2.834 2.705 2.22-2.325-2.773-2.646a7.64 7.64 0 0 0 .062-8.24Zm-6.469-.572a4.645 4.645 0 0 0-3.284 7.927 4.642 4.642 0 1 0 6.568-6.567 4.644 4.644 0 0 0-3.284-1.36Z"
                          fill="#fff"
                          fill-rule="evenodd"
                        />
                      </svg>
                    </div>
                  </div>
                  <div
                    class="MuiBox-root MuiBox-root-38"
                  >
                    <div
                      class="MuiBox-root MuiBox-root-39"
                    >
                      <p
                        class="MuiTypography-root MuiTypography-body1 MuiTypography-alignLeft"
                        style="max-width: 90px; white-space: break-spaces;"
                      >
                        Borrow on 
                        Rari Capital
                      </p>
                    </div>
                  </div>
                </div>
              </div>
              <div
                class="MuiBox-root MuiBox-root-40"
              >
                <svg
                  aria-hidden="true"
                  class="MuiSvgIcon-root MuiSvgIcon-fontSizeSmall"
                  color=""
                  focusable="false"
                  style="position: absolute; right: -2px; top: -2px; height: 18px; width: 18px; vertical-align: middle;"
                  viewBox="0 0 20 20"
                >
                  arrow-up.svg
                </svg>
              </div>
            </div>
          </span>
        </a>
        <div
          class="MuiBox-root MuiBox-root-41"
          style="gap: 12px;"
        >
          <a
            aria-disabled="false"
            class="MuiButtonBase-root MuiButton-root MuiButton-outlined MuiButton-outlinedSizeLarge MuiButton-sizeLarge MuiButton-disableElevation MuiButton-fullWidth"
            href="https://dune.xyz/fluidsonic/Olympus-DAO"
            style="padding: 12px; max-height: unset; height: auto;"
            tabindex="0"
            target="_blank"
          >
            <span
              class="MuiButton-label"
            >
              <div
                class="MuiBox-root MuiBox-root-42"
              >
                <div
                  class="MuiBox-root MuiBox-root-43"
                >
                  <p
                    class="MuiTypography-root MuiTypography-body1"
                  >
                    Fluidsonic's dashboard
                  </p>
                </div>
                <div
                  class="MuiBox-root MuiBox-root-44"
                >
                  <svg
                    aria-hidden="true"
                    class="MuiSvgIcon-root MuiSvgIcon-fontSizeSmall"
                    color=""
                    focusable="false"
                    style="position: absolute; right: -2px; top: -2px; height: 18px; width: 18px; vertical-align: middle;"
                    viewBox="0 0 20 20"
                  >
                    arrow-up.svg
                  </svg>
                </div>
              </div>
            </span>
          </a>
          <a
            aria-disabled="false"
            class="MuiButtonBase-root MuiButton-root MuiButton-outlined MuiButton-outlinedSizeLarge MuiButton-sizeLarge MuiButton-disableElevation MuiButton-fullWidth"
            href="https://dune.xyz/0xrusowsky/Olympus-Wallet-History"
            style="padding: 12px; max-height: unset; height: auto;"
            tabindex="0"
            target="_blank"
          >
            <span
              class="MuiButton-label"
            >
              <div
                class="MuiBox-root MuiBox-root-45"
              >
                <div
                  class="MuiBox-root MuiBox-root-46"
                >
                  <p
                    class="MuiTypography-root MuiTypography-body1"
                  >
                    Rusowsky's dashboard
                  </p>
                </div>
                <div
                  class="MuiBox-root MuiBox-root-47"
                >
                  <svg
                    aria-hidden="true"
                    class="MuiSvgIcon-root MuiSvgIcon-fontSizeSmall"
                    color=""
                    focusable="false"
                    style="position: absolute; right: -2px; top: -2px; height: 18px; width: 18px; vertical-align: middle;"
                    viewBox="0 0 20 20"
                  >
                    arrow-up.svg
                  </svg>
                </div>
              </div>
            </span>
          </a>
          <a
            aria-disabled="false"
            class="MuiButtonBase-root MuiButton-root MuiButton-outlined MuiButton-outlinedSizeLarge MuiButton-sizeLarge MuiButton-disableElevation MuiButton-fullWidth"
            href="https://dune.xyz/shadow/Olympus-(OHM)"
            style="padding: 12px; max-height: unset; height: auto;"
            tabindex="0"
            target="_blank"
          >
            <span
              class="MuiButton-label"
            >
              <div
                class="MuiBox-root MuiBox-root-48"
              >
                <div
                  class="MuiBox-root MuiBox-root-49"
                >
                  <p
                    class="MuiTypography-root MuiTypography-body1"
                  >
                    Shadow's dashboard
                  </p>
                </div>
                <div
                  class="MuiBox-root MuiBox-root-50"
                >
                  <svg
                    aria-hidden="true"
                    class="MuiSvgIcon-root MuiSvgIcon-fontSizeSmall"
                    color=""
                    focusable="false"
                    style="position: absolute; right: -2px; top: -2px; height: 18px; width: 18px; vertical-align: middle;"
                    viewBox="0 0 20 20"
                  >
                    arrow-up.svg
                  </svg>
                </div>
              </div>
            </span>
          </a>
        </div>
      </div>
      <div
        class="MuiBox-root MuiBox-root-51"
      >
        <button
          class="MuiButtonBase-root MuiButton-root MuiButton-contained MuiButton-containedSecondary MuiButton-containedSizeLarge MuiButton-sizeLarge MuiButton-disableElevation"
          tabindex="0"
          type="button"
        >
          <span
            class="MuiButton-label"
          >
            Disconnect
          </span>
        </button>
      </div>
    </div>
  </div>
</div>
`;
