// Jest Snapshot v1, https://goo.gl/fbAQLP

exports[`<Tokens/> should render component 1`] = `
<div>
  <div
    class="MuiPaper-root MuiAccordion-root WithStyles(ForwardRef(Accordion))-root-1 MuiAccordion-rounded MuiPaper-elevation0 MuiPaper-rounded"
  >
    <div
      aria-disabled="false"
      aria-expanded="false"
      class="MuiButtonBase-root MuiAccordionSummary-root WithStyles(ForwardRef(AccordionSummary))-root-3"
      role="button"
      tabindex="0"
    >
      <div
        class="MuiAccordionSummary-content WithStyles(ForwardRef(AccordionSummary))-content-4"
      >
        <div
          class="MuiBox-root MuiBox-root-6"
        >
          <svg
            aria-hidden="true"
            class="MuiSvgIcon-root MuiSvgIcon-fontSizeLarge"
            focusable="false"
            style="font-size: 28px; margin-right: 8px;"
            viewBox="0 0 32 32"
          >
            <path
              d="M0 16C0 7.163 7.163 0 16 0s16 7.163 16 16-7.163 16-16 16S0 24.837 0 16Z"
              fill="#708B96"
            />
            <path
              clip-rule="evenodd"
              d="M17.536 23.04v.032h5.504v-1.984h-2.718c1.635-1.239 2.686-3.165 2.686-5.328 0-3.738-3.138-6.768-7.008-6.768s-7.008 3.03-7.008 6.768c0 2.163 1.05 4.089 2.686 5.328H8.96v1.984h5.504v-2.667c-2.005-.63-3.456-2.465-3.456-4.629 0-2.686 2.235-4.864 4.992-4.864s4.992 2.178 4.992 4.864c0 2.164-1.45 3.998-3.456 4.63v2.634Z"
              fill="#fff"
              fill-rule="evenodd"
            />
          </svg>
          <p
            class="MuiTypography-root MuiTypography-body1"
          >
            OHM
          </p>
        </div>
        <div
          class="MuiBox-root MuiBox-root-8"
        >
          <p
            class="MuiTypography-root MuiTypography-body2"
            data-testid="balance-token"
            style="font-weight: 600;"
          >
            0
          </p>
          <p
            class="MuiTypography-root MuiTypography-body2 MuiTypography-colorTextSecondary"
            data-testid="balance-usd"
          >
            $0.00
          </p>
        </div>
      </div>
      <div
        aria-disabled="false"
        aria-hidden="true"
        class="MuiButtonBase-root MuiIconButton-root MuiAccordionSummary-expandIcon MuiIconButton-edgeEnd"
      >
        <span
          class="MuiIconButton-label"
        >
          <svg
            aria-hidden="true"
            class="MuiSvgIcon-root MuiSvgIcon-colorDisabled MuiSvgIcon-fontSizeSmall"
            focusable="false"
            viewBox="0 0 20 20"
          >
            <path
              d="M10.4 6.5a1.75 1.75 0 1 1 0-3.5 1.75 1.75 0 0 1 0 3.5Zm0 10.5a1.75 1.75 0 1 1 0-3.5 1.75 1.75 0 0 1 0 3.5Zm-1.75-7a1.75 1.75 0 1 0 3.5 0 1.75 1.75 0 0 0-3.5 0Z"
            />
          </svg>
        </span>
      </div>
    </div>
    <div
      class="MuiCollapse-root MuiCollapse-hidden"
      style="min-height: 0px;"
    >
      <div
        class="MuiCollapse-wrapper"
      >
        <div
          class="MuiCollapse-wrapperInner"
        >
          <div
            role="region"
          >
            <div
              class="MuiAccordionDetails-root"
              style="margin: auto; padding: 8px 0px;"
            >
              <div
                class="MuiBox-root MuiBox-root-10"
                style="gap: 8px;"
              >
                <div
                  class="MuiBox-root MuiBox-root-11 ohm-pairs"
                  style="width: 100%;"
                >
                  <button
                    class="MuiButtonBase-root MuiButton-root MuiButton-contained MuiButton-containedSecondary MuiButton-disableElevation MuiButton-fullWidth"
                    tabindex="0"
                    type="button"
                  >
                    <span
                      class="MuiButton-label"
                    >
                      <p
                        class="MuiTypography-root MuiTypography-body1"
                      >
                        Add to Wallet
                      </p>
                    </span>
                  </button>
                </div>
              </div>
            </div>
          </div>
        </div>
      </div>
    </div>
  </div>
  <div
    class="MuiPaper-root MuiAccordion-root WithStyles(ForwardRef(Accordion))-root-1 MuiAccordion-rounded MuiPaper-elevation0 MuiPaper-rounded"
  >
    <div
      aria-disabled="false"
      aria-expanded="false"
      class="MuiButtonBase-root MuiAccordionSummary-root WithStyles(ForwardRef(AccordionSummary))-root-3"
      role="button"
      tabindex="0"
    >
      <div
        class="MuiAccordionSummary-content WithStyles(ForwardRef(AccordionSummary))-content-4"
      >
        <div
          class="MuiBox-root MuiBox-root-12"
        >
          <svg
            aria-hidden="true"
            class="MuiSvgIcon-root MuiSvgIcon-fontSizeLarge"
            focusable="false"
            style="font-size: 28px; margin-right: 8px;"
            viewBox="0 0 32 32"
          >
            <defs>
              <lineargradient
                gradientTransform="matrix(0.319996, 0, 0, 0.319996, -0.000007, -1.775952)"
                gradientUnits="userSpaceOnUse"
                id="paint0_linear"
                x1="-83.5339"
                x2="189.059"
                y1="50"
                y2="50"
              >
                <stop
                  stop-color="#708B96"
                />
                <stop
                  offset="1"
                  stop-color="#F7FBE7"
                />
              </lineargradient>
            </defs>
            <path
              clip-rule="evenodd"
              d="M 15.982 28.228 C 23.688 28.228 29.934 21.982 29.934 14.276 C 29.934 12.658 29.658 11.104 29.152 9.659 L 29.152 5.11 C 30.947 7.696 32 10.837 32 14.224 C 32 23.06 24.836 30.224 16 30.224 C 7.163 30.224 0 23.06 0 14.224 C 0 10.817 1.065 7.659 2.88 5.064 L 2.88 9.472 C 2.331 10.97 2.031 12.588 2.031 14.276 C 2.031 21.982 8.276 28.228 15.982 28.228 Z"
              fill="url(#paint0_linear)"
              fill-rule="evenodd"
            />
            <path
              d="M 3.552 14.224 C 3.552 7.349 9.125 1.776 16 1.776 C 22.875 1.776 28.448 7.349 28.448 14.224 C 28.448 21.099 22.875 26.671 16 26.671 C 9.125 26.671 3.552 21.099 3.552 14.224 Z"
              fill="#708B96"
            />
            <path
              clip-rule="evenodd"
              d="M 17.195 19.176 C 17.195 19.176 17.195 19.176 17.195 19.176 L 17.195 19.726 L 21.477 19.726 L 21.477 18.181 L 19.363 18.181 C 20.634 17.219 21.451 15.72 21.451 14.037 C 21.451 11.129 19.011 8.772 16 8.772 C 12.989 8.772 10.548 11.129 10.548 14.037 C 10.548 15.72 11.365 17.219 12.637 18.181 L 10.523 18.181 L 10.523 19.726 L 14.805 19.726 L 14.805 19.176 L 14.805 17.652 C 13.245 17.16 12.116 15.733 12.116 14.05 C 12.116 11.96 13.855 10.266 16 10.266 C 18.145 10.266 19.884 11.96 19.884 14.05 C 19.884 15.733 18.755 17.16 17.195 17.652 L 17.195 19.176 Z"
              fill="white"
              fill-rule="evenodd"
            />
          </svg>
          <p
            class="MuiTypography-root MuiTypography-body1"
          >
            sOHM
          </p>
        </div>
        <div
          class="MuiBox-root MuiBox-root-13"
        >
          <p
            class="MuiTypography-root MuiTypography-body2"
            data-testid="balance-token"
            style="font-weight: 600;"
          >
            0
          </p>
          <p
            class="MuiTypography-root MuiTypography-body2 MuiTypography-colorTextSecondary"
            data-testid="balance-usd"
          >
            $0.00
          </p>
        </div>
      </div>
      <div
        aria-disabled="false"
        aria-hidden="true"
        class="MuiButtonBase-root MuiIconButton-root MuiAccordionSummary-expandIcon MuiIconButton-edgeEnd"
      >
        <span
          class="MuiIconButton-label"
        >
          <svg
            aria-hidden="true"
            class="MuiSvgIcon-root MuiSvgIcon-colorDisabled MuiSvgIcon-fontSizeSmall"
            focusable="false"
            viewBox="0 0 20 20"
          >
            <path
              d="M10.4 6.5a1.75 1.75 0 1 1 0-3.5 1.75 1.75 0 0 1 0 3.5Zm0 10.5a1.75 1.75 0 1 1 0-3.5 1.75 1.75 0 0 1 0 3.5Zm-1.75-7a1.75 1.75 0 1 0 3.5 0 1.75 1.75 0 0 0-3.5 0Z"
            />
          </svg>
        </span>
      </div>
    </div>
    <div
      class="MuiCollapse-root MuiCollapse-hidden"
      style="min-height: 0px;"
    >
      <div
        class="MuiCollapse-wrapper"
      >
        <div
          class="MuiCollapse-wrapperInner"
        >
          <div
            role="region"
          >
            <div
              class="MuiAccordionDetails-root"
              style="margin: auto; padding: 8px 0px;"
            >
              <div
                class="MuiBox-root MuiBox-root-14"
                style="gap: 8px;"
              >
                <div
                  class="MuiBox-root MuiBox-root-15 ohm-pairs"
                  style="width: 100%;"
                >
                  <button
                    class="MuiButtonBase-root MuiButton-root MuiButton-contained MuiButton-containedSecondary MuiButton-disableElevation MuiButton-fullWidth"
                    tabindex="0"
                    type="button"
                  >
                    <span
                      class="MuiButton-label"
                    >
                      <p
                        class="MuiTypography-root MuiTypography-body1"
                      >
                        Add to Wallet
                      </p>
                    </span>
                  </button>
                </div>
              </div>
            </div>
          </div>
        </div>
      </div>
    </div>
  </div>
  <div
    class="MuiPaper-root MuiAccordion-root WithStyles(ForwardRef(Accordion))-root-1 MuiAccordion-rounded MuiPaper-elevation0 MuiPaper-rounded"
  >
    <div
      aria-disabled="false"
      aria-expanded="false"
      class="MuiButtonBase-root MuiAccordionSummary-root WithStyles(ForwardRef(AccordionSummary))-root-3"
      role="button"
      tabindex="0"
    >
      <div
        class="MuiAccordionSummary-content WithStyles(ForwardRef(AccordionSummary))-content-4"
      >
        <div
          class="MuiBox-root MuiBox-root-16"
        >
          <svg
            aria-hidden="true"
            class="MuiSvgIcon-root MuiSvgIcon-fontSizeLarge"
            focusable="false"
            style="font-size: 28px; margin-right: 8px;"
            viewBox="0 0 32 32"
          >
            <defs>
              <lineargradient
                gradientTransform="matrix(0.177778, 0, 0, 0.177778, 1.777779, 1.777779)"
                gradientUnits="userSpaceOnUse"
                id="paint0_linear_359"
                x1="80"
                x2="80"
                y1="-84"
                y2="256"
              >
                <stop
                  offset="0.1949"
                  stop-color="#708B96"
                />
                <stop
                  offset="1"
                  stop-color="#F7FBE7"
                />
              </lineargradient>
            </defs>
            <path
              d="M 1.778 16 C 1.778 8.145 8.145 1.778 16 1.778 C 23.855 1.778 30.222 8.145 30.222 16 C 30.222 23.855 23.855 30.222 16 30.222 C 8.145 30.222 1.778 23.855 1.778 16 Z"
              fill="#fff"
            />
            <rect
              fill="#fff"
              height="12.516"
              width="12.516"
              x="9.742"
              y="9.771"
            />
            <path
              clip-rule="evenodd"
              d="M 14.635 22.286 L 14.635 19.916 C 12.852 19.355 11.563 17.725 11.563 15.801 C 11.563 13.413 13.549 11.477 16 11.477 C 18.451 11.477 20.437 13.413 20.437 15.801 C 20.437 17.725 19.148 19.355 17.365 19.916 L 17.365 21.658 L 17.365 22.258 L 17.365 22.286 L 22.258 22.286 L 22.258 20.523 L 19.842 20.523 C 21.295 19.421 22.229 17.709 22.229 15.787 C 22.229 12.464 19.44 9.771 16 9.771 C 12.56 9.771 9.771 12.464 9.771 15.787 C 9.771 17.709 10.705 19.421 12.158 20.523 L 9.742 20.523 L 9.742 22.286 Z"
              fill="#708b96"
              fill-rule="evenodd"
            />
            <path
              d="M 16 28.444 C 9.127 28.444 3.556 22.873 3.556 16 L 0 16 C 0 24.837 7.163 32 16 32 Z M 28.444 16 C 28.444 22.873 22.873 28.444 16 28.444 L 16 32 C 24.837 32 32 24.837 32 16 Z M 16 3.556 C 22.873 3.556 28.444 9.127 28.444 16 L 32 16 C 32 7.163 24.837 0 16 0 Z M 16 0 C 7.163 0 0 7.163 0 16 L 3.556 16 C 3.556 9.127 9.127 3.556 16 3.556 Z"
              fill="url(#paint0_linear_359)"
            />
          </svg>
          <p
            class="MuiTypography-root MuiTypography-body1"
          >
            gOHM
          </p>
        </div>
        <div
          class="MuiBox-root MuiBox-root-17"
        >
          <p
            class="MuiTypography-root MuiTypography-body2"
            data-testid="balance-token"
            style="font-weight: 600;"
          >
            <span
              class="MuiSkeleton-root MuiSkeleton-text MuiSkeleton-pulse"
              style="width: 50px;"
            />
          </p>
          <p
            class="MuiTypography-root MuiTypography-body2 MuiTypography-colorTextSecondary"
            data-testid="balance-usd"
          >
            <span
              class="MuiSkeleton-root MuiSkeleton-text MuiSkeleton-pulse"
              style="width: 50px;"
            />
          </p>
        </div>
      </div>
      <div
        aria-disabled="false"
        aria-hidden="true"
        class="MuiButtonBase-root MuiIconButton-root MuiAccordionSummary-expandIcon MuiIconButton-edgeEnd"
      >
        <span
          class="MuiIconButton-label"
        >
          <svg
            aria-hidden="true"
            class="MuiSvgIcon-root MuiSvgIcon-colorDisabled MuiSvgIcon-fontSizeSmall"
            focusable="false"
            viewBox="0 0 20 20"
          >
            <path
              d="M10.4 6.5a1.75 1.75 0 1 1 0-3.5 1.75 1.75 0 0 1 0 3.5Zm0 10.5a1.75 1.75 0 1 1 0-3.5 1.75 1.75 0 0 1 0 3.5Zm-1.75-7a1.75 1.75 0 1 0 3.5 0 1.75 1.75 0 0 0-3.5 0Z"
            />
          </svg>
        </span>
      </div>
    </div>
    <div
      class="MuiCollapse-root MuiCollapse-hidden"
      style="min-height: 0px;"
    >
      <div
        class="MuiCollapse-wrapper"
      >
        <div
          class="MuiCollapse-wrapperInner"
        >
          <div
            role="region"
          >
            <div
              class="MuiAccordionDetails-root"
              style="margin: auto; padding: 8px 0px;"
            >
              <div
                class="MuiBox-root MuiBox-root-18"
                style="gap: 8px;"
              >
                <div
                  class="MuiBox-root MuiBox-root-19 ohm-pairs"
                  style="width: 100%;"
                >
                  <button
                    class="MuiButtonBase-root MuiButton-root MuiButton-contained MuiButton-containedSecondary MuiButton-disableElevation MuiButton-fullWidth"
                    tabindex="0"
                    type="button"
                  >
                    <span
                      class="MuiButton-label"
                    >
                      <p
                        class="MuiTypography-root MuiTypography-body1"
                      >
                        Add to Wallet
                      </p>
                    </span>
                  </button>
                </div>
              </div>
            </div>
          </div>
        </div>
      </div>
    </div>
  </div>
</div>
`;
