// Jest Snapshot v1, https://goo.gl/fbAQLP

exports[`<Token/> Should match previous snapshot 1`] = `
<div>
  <div
    class="MuiPaper-root MuiAccordion-root WithStyles(ForwardRef(Accordion))-root-1 MuiAccordion-rounded MuiPaper-elevation0 MuiPaper-rounded"
  >
    <div
      aria-disabled="false"
      aria-expanded="false"
      class="MuiButtonBase-root MuiAccordionSummary-root WithStyles(ForwardRef(AccordionSummary))-root-3"
      role="button"
      tabindex="0"
    >
      <div
        class="MuiAccordionSummary-content WithStyles(ForwardRef(AccordionSummary))-content-4"
      >
        <div
          class="MuiBox-root MuiBox-root-6"
        >
          <svg
            aria-hidden="true"
            class="MuiSvgIcon-root MuiSvgIcon-fontSizeLarge"
            focusable="false"
            style="font-size: 28px; margin-right: 8px;"
            viewBox="0 0 32 32"
          >
            <defs>
              <style>
                .token_33T_svg__cls-2{isolation:isolate}.token_33T_svg__cls-3{fill:#fff}
              </style>
            </defs>
            <path
              d="M3.552 14.198c0-6.873 5.574-12.447 12.447-12.447 6.874 0 12.448 5.574 12.448 12.447 0 6.873-5.574 12.446-12.448 12.446-6.873 0-12.447-5.573-12.447-12.446Z"
              style="fill: #708b96;"
            />
            <g
              id="token_33T_svg__layer4"
              transform="matrix(.032 0 0 .032 0 -1.748)"
            >
              <g
                class="token_33T_svg__cls-2"
                id="token_33T_svg__text20110"
              >
                <g
                  class="token_33T_svg__cls-2"
                >
                  <path
                    class="token_33T_svg__cls-3"
                    d="M317.71 642.85v40.21h-5.89v-40.21H299v-5.63h31.5v5.63Zm72.53 17.29a23.21 23.21 0 0 1-6.79 17 23.8 23.8 0 0 1-33.54 0 24.75 24.75 0 0 1 0-34.06 23.72 23.72 0 0 1 33.54.07 23.12 23.12 0 0 1 6.79 16.99Zm-41.1 0a18.13 18.13 0 0 0 5 13.12 16.82 16.82 0 0 0 12.55 5.19 16.59 16.59 0 0 0 12.48-5.19 19.54 19.54 0 0 0 0-26.24 16.59 16.59 0 0 0-12.48-5.19 16.82 16.82 0 0 0-12.56 5.17 18.13 18.13 0 0 0-4.99 13.14ZM451.31 662q0 9.6-5.69 15.3-6.4 6.78-16.84 6.78a23.94 23.94 0 1 1 0-47.88 25.56 25.56 0 0 1 9.54 1.79 19 19 0 0 1 7.36 5.06l-4.22 4.22a14.31 14.31 0 0 0-5.48-4 18.08 18.08 0 0 0-7.2-1.44A17.25 17.25 0 0 0 416.1 647a19.37 19.37 0 0 0 0 26.24 17.25 17.25 0 0 0 12.68 5.19 17.07 17.07 0 0 0 11.4-3.84 15.34 15.34 0 0 0 5.25-10.56h-16.65v-5.51H451a19 19 0 0 1 .31 3.48Zm44.56-24.78v5.63H475v14.54h18.82v5.5H475v14.54h20.87v5.63h-26.76v-45.84Zm34.19 5.63v40.21h-5.89v-40.21h-12.81v-5.63h31.5v5.63Zm35.46 40.21h-5.89v-45.84h5.89v19.66h22.92v-19.66h5.89v45.84h-5.89v-20.68h-22.92Zm75.42-45.84v5.63h-20.87v14.54h18.82v5.5h-18.82v14.54h20.87v5.63h-26.76v-45.84Zm24.45 45.84h-5.89v-45.84h15.62a14.28 14.28 0 0 1 10.15 3.94 13.17 13.17 0 0 1 1.09 18.12 13.79 13.79 0 0 1-7.84 4.7l-.13.19 12.87 18.63v.26h-7l-12.36-18.57h-6.53Zm0-40.21V659h9.48a8.55 8.55 0 0 0 6.08-2.34 7.64 7.64 0 0 0 2.5-5.79 8.11 8.11 0 0 0-8.2-8Z"
                  />
                </g>
              </g>
            </g>
            <g
              id="token_33T_svg__g93605"
              transform="matrix(.032 0 0 .032 0 -1.748)"
            >
              <path
                class="token_33T_svg__cls-3"
                d="m537.9 302.69.26 63.46 32.49.22c8.73-18.92 24.19-35.55 49.83-35.58s47 22.23 46.91 45.38c0 28.15-23.62 50.24-47.62 50.48-14.55.14-31.34-1.8-46.92-13.92l-34.49-.39.2 75.46h33.68C592 474.07 605.93 473 617.5 473c23 0 48.78 17.53 49 46.15s-21.58 49.45-45.26 49.22c-24.21-.23-42.51-14.94-48.58-34.45l-33.81-.35-.58 63.2 28.23.24.28-19.77c13.48 14.16 38.14 21.38 51.51 21.22 45.16-.54 76.89-41 77.14-78.53s-23-59.23-43.53-70.09c17.85-8.6 44.31-32.21 44-73.94s-38.46-75.08-76.5-75.12c-21.37 0-39.59 10.3-52.57 21.63l-.17-19.46Z"
                id="token_33T_svg__path93601"
              />
              <path
                class="token_33T_svg__cls-3"
                d="m325.64 302.78.26 63.46 32.49.22c8.73-18.92 24.2-35.56 49.84-35.59s47 22.24 46.91 45.39c-.05 28.14-23.62 50.24-47.62 50.47-14.56.14-31.34-1.79-46.92-13.91l-34.49-.39.2 75.46H360c19.73-13.74 33.69-14.84 45.26-14.84 23 0 48.77 17.53 49 46.15s-21.62 49.45-45.26 49.22c-24.21-.23-42.51-14.94-48.58-34.45l-33.8-.35-.58 63.2 28.23.23.28-19.76c13.45 14.16 38.08 21.38 51.45 21.22 45.15-.55 76.89-41 77.14-78.53s-23-59.23-43.53-70.1c17.84-8.59 44.31-32.2 44-73.93s-38.46-75.08-76.49-75.12c-21.37 0-39.59 10.29-52.57 21.63l-.13-19.46Z"
                id="token_33T_svg__path93603"
              />
            </g>
            <path
              d="M15.983 28.253c7.705 0 13.95-6.246 13.95-13.951a13.93 13.93 0 0 0-.78-4.617V5.138A15.93 15.93 0 0 1 32 14.251c0 8.834-7.164 15.998-15.998 15.998S0 23.085 0 14.251A15.943 15.943 0 0 1 2.88 5.09v4.409a13.923 13.923 0 0 0-.848 4.803c0 7.705 6.246 13.951 13.951 13.951Z"
              style="fill: #d1ceaa;"
            />
          </svg>
          <p
            class="MuiTypography-root MuiTypography-body1"
          >
            OHM
          </p>
        </div>
        <div
          class="MuiBox-root MuiBox-root-8"
        >
          <p
            class="MuiTypography-root MuiTypography-body2"
            data-testid="balance-token"
            style="font-weight: 600;"
          >
            33.33
          </p>
          <p
            class="MuiTypography-root MuiTypography-body2 MuiTypography-colorTextSecondary"
            data-testid="balance-usd"
          >
            $3,332.67
          </p>
        </div>
      </div>
      <div
        aria-disabled="false"
        aria-hidden="true"
        class="MuiButtonBase-root MuiIconButton-root MuiAccordionSummary-expandIcon MuiIconButton-edgeEnd"
      >
        <span
          class="MuiIconButton-label"
        >
          <svg
            aria-hidden="true"
            class="MuiSvgIcon-root MuiSvgIcon-colorDisabled MuiSvgIcon-fontSizeSmall"
            focusable="false"
            viewBox="0 0 20 20"
          >
            <path
              d="M10.4 6.5a1.75 1.75 0 1 1 0-3.5 1.75 1.75 0 0 1 0 3.5Zm0 10.5a1.75 1.75 0 1 1 0-3.5 1.75 1.75 0 0 1 0 3.5Zm-1.75-7a1.75 1.75 0 1 0 3.5 0 1.75 1.75 0 0 0-3.5 0Z"
            />
          </svg>
        </span>
      </div>
    </div>
    <div
      class="MuiCollapse-root MuiCollapse-hidden"
      style="min-height: 0px;"
    >
      <div
        class="MuiCollapse-wrapper"
      >
        <div
          class="MuiCollapse-wrapperInner"
        >
          <div
            role="region"
          >
            <div
              class="MuiAccordionDetails-root"
              style="margin: auto; padding: 8px 0px;"
            >
              <div
                class="MuiBox-root MuiBox-root-10"
                style="gap: 8px;"
              >
                <div
                  class="MuiBox-root MuiBox-root-11 ohm-pairs"
                  style="width: 100%;"
                >
                  <button
                    class="MuiButtonBase-root MuiButton-root MuiButton-contained MuiButton-containedSecondary MuiButton-disableElevation MuiButton-fullWidth"
                    tabindex="0"
                    type="button"
                  >
                    <span
                      class="MuiButton-label"
                    >
                      <p
                        class="MuiTypography-root MuiTypography-body1"
                      >
                        Add to Wallet
                      </p>
                    </span>
                  </button>
                </div>
              </div>
            </div>
          </div>
        </div>
      </div>
    </div>
  </div>
</div>
`;
