// Jest Snapshot v1, https://goo.gl/fbAQLP

exports[`<Messages/> should render component 1`] = `
<div>
  <div>
    <div />
  </div>
</div>
`;
