// Jest Snapshot v1, https://goo.gl/fbAQLP

exports[`<ChooseBond/> should render component 1`] = `
<div>
  <div
    id="choose-bond-view"
  >
    <div
      class="MuiPaper-root makeStyles-root-1 makeStyles-root-2  MuiPaper-elevation0 MuiPaper-rounded"
      style="transform: none; webkit-transition: transform 225ms cubic-bezier(0.4, 0, 0.2, 1) 0ms; transition: transform 225ms cubic-bezier(0.4, 0, 0.2, 1) 0ms;"
    >
      <div
        class="MuiGrid-root MuiGrid-container MuiGrid-spacing-xs-2 MuiGrid-direction-xs-column"
      >
        <div
          class="MuiGrid-root card-header MuiGrid-item"
        >
          <div
            class="MuiBox-root MuiBox-root-3"
          >
            <div
              class="MuiBox-root MuiBox-root-4"
            >
              <h5
                class="MuiTypography-root header-text MuiTypography-h5"
              >
                Bond (1,1)
              </h5>
            </div>
            <div
              class="top-right"
            >
              <button
                class="MuiButtonBase-root"
                tabindex="0"
                type="button"
              >
                <p
                  class="MuiTypography-root MuiTypography-body1"
                  style="line-height: 33px;"
                >
                  <b>
                    <a
                      href="/bonds"
                      style="text-decoration: none;"
                    >
                      v2 bonds
                      <svg
                        aria-hidden="true"
                        class="MuiSvgIcon-root MuiSvgIcon-colorPrimary MuiSvgIcon-fontSizeSmall"
                        focusable="false"
                        style="margin: 0px 0px 0px 5px; vertical-align: text-bottom;"
                        viewBox="0 0 20 20"
                      >
                        arrow-up.svg
                      </svg>
                    </a>
                  </b>
                </p>
              </button>
            </div>
          </div>
        </div>
        <div
          class="MuiGrid-root MuiGrid-item"
        >
          <div
            class="MuiBox-root MuiBox-root-5"
          >
            <div
              class="MuiGrid-root MuiGrid-container MuiGrid-spacing-xs-2 MuiGrid-align-items-xs-flex-end"
            >
              <div
                class="MuiGrid-root MuiGrid-item MuiGrid-grid-xs-12 MuiGrid-grid-sm-6"
              >
                <div
                  class="makeStyles-root-6 "
                >
                  <div
                    class="MuiBox-root MuiBox-root-7"
                  >
                    <h5
                      class="MuiTypography-root MuiTypography-h5 MuiTypography-colorTextSecondary"
                    >
                      Treasury Balance
                    </h5>
                    <h4
                      class="MuiTypography-root MuiTypography-h4"
                      style="width: 100%;"
                    >
                      <span
                        class="MuiSkeleton-root MuiSkeleton-text MuiSkeleton-pulse"
                        style="width: 100%;"
                      />
                    </h4>
                  </div>
                </div>
              </div>
              <div
                class="MuiGrid-root MuiGrid-item MuiGrid-grid-xs-12 MuiGrid-grid-sm-6"
              >
                <div
                  class="makeStyles-root-6 "
                >
                  <div
                    class="MuiBox-root MuiBox-root-8"
                  >
                    <h5
                      class="MuiTypography-root MuiTypography-h5 MuiTypography-colorTextSecondary"
                    >
                      OHM Price
                    </h5>
                    <h4
                      class="MuiTypography-root MuiTypography-h4"
                      style="width: 100%;"
                    >
                      <span
                        class="MuiSkeleton-root MuiSkeleton-text MuiSkeleton-pulse"
                        style="width: 100%;"
                      />
                    </h4>
                  </div>
                </div>
              </div>
            </div>
          </div>
          <div
            class="MuiGrid-root MuiGrid-container MuiGrid-item"
          >
            <div
              class="MuiTableContainer-root"
            >
              <table
                aria-label="Available bonds"
                class="MuiTable-root"
              >
                <thead
                  class="MuiTableHead-root"
                >
                  <tr
                    class="MuiTableRow-root MuiTableRow-head"
                  >
                    <th
                      class="MuiTableCell-root MuiTableCell-head MuiTableCell-alignCenter"
                      scope="col"
                    >
                      Bond
                    </th>
                    <th
                      class="MuiTableCell-root MuiTableCell-head MuiTableCell-alignLeft"
                      scope="col"
                    >
                      Price
                    </th>
                    <th
                      class="MuiTableCell-root MuiTableCell-head MuiTableCell-alignLeft"
                      scope="col"
                    >
                      Discount
                    </th>
                    <th
                      class="MuiTableCell-root MuiTableCell-head MuiTableCell-alignRight"
                      scope="col"
                    >
                      Purchased
                    </th>
                    <th
                      class="MuiTableCell-root MuiTableCell-head MuiTableCell-alignRight"
                      scope="col"
                    />
                  </tr>
                </thead>
                <tbody
                  class="MuiTableBody-root"
                />
              </table>
            </div>
          </div>
        </div>
      </div>
    </div>
  </div>
</div>
`;
